<html>
<body>
<pre>
<h1>µVision Build Log</h1>
<h2>Tool Versions:</h2>
IDE-Version: ?Vision V5.26.2.0
Copyright (C) 2018 ARM Ltd and ARM Germany GmbH. All rights reserved.
License Information: PACHASAN ATTHAWINIJ, thammasat university, LIC=----
 
Tool Versions:
Toolchain:       MDK-Lite  Version: 5.26.2.0
Toolchain Path:  E:\mdk\ARM\ARMCC\Bin
C Compiler:      Armcc.exe V5.06 update 6 (build 750)
Assembler:       Armasm.exe V5.06 update 6 (build 750)
Linker/Locator:  ArmLink.exe V5.06 update 6 (build 750)
Library Manager: ArmAr.exe V5.06 update 6 (build 750)
Hex Converter:   FromElf.exe V5.06 update 6 (build 750)
CPU DLL:         SARMCM3.DLL V5.26.2.0
Dialog DLL:      DCM.DLL V1.17.2.0
Target DLL:      STLink\ST-LINKIII-KEIL_SWO.dll V3.0.5.0
Dialog DLL:      TCM.DLL V1.36.1.0
 
<h2>Project:</h2>
C:\Users\HUNTER\Desktop\LE484\LE484_Project\Traffic Light Controller\MDK-ARM\Traffic Light Controller.uvprojx
Project File Date:  03/24/2019

<h2>Output:</h2>
*** Using Compiler 'V5.06 update 6 (build 750)', folder: 'E:\mdk\ARM\ARMCC\Bin'
Build target 'Traffic Light Controller'
compiling ctrler.c...
../Inc/ctrler.h(27): warning:  #1295-D: Deprecated declaration Ctrler_Exec - give arg types
  uint32_t Ctrler_Exec();
../Inc/ctrler.h(34): warning:  #1-D: last line of file ends without a newline
  #endif /* __CTRLER_H */
../Inc/bsp.h(39): warning:  #1-D: last line of file ends without a newline
  #endif /* __BSP_H */
..\Src\ctrler.c(13): warning:  #1-D: last line of file ends without a newline
  }
..\Src\ctrler.c(13): warning:  #940-D: missing return statement at end of non-void function "Ctrler_Exec" 
  }
..\Src\ctrler.c: 5 warnings, 0 errors
compiling Timer.c...
../Inc/timer.h(24): warning:  #1-D: last line of file ends without a newline
  #endif /* __TIMER_H */
..\Src\Timer.c(17): warning:  #1-D: last line of file ends without a newline
  }
..\Src\Timer.c: 2 warnings, 0 errors
compiling main.c...
../Inc/bsp.h(39): warning:  #1-D: last line of file ends without a newline
  #endif /* __BSP_H */
../Inc/timer.h(24): warning:  #1-D: last line of file ends without a newline
  #endif /* __TIMER_H */
../Inc/ctrler.h(27): warning:  #1295-D: Deprecated declaration Ctrler_Exec - give arg types
  uint32_t Ctrler_Exec();
../Inc/ctrler.h(34): warning:  #1-D: last line of file ends without a newline
  #endif /* __CTRLER_H */
../Src/main.c: 4 warnings, 0 errors
compiling bsp.c...
../Inc/bsp.h(39): warning:  #1-D: last line of file ends without a newline
  #endif /* __BSP_H */
..\Src\bsp.c: 1 warning, 0 errors
linking...
Program Size: Code=2950 RO-data=442 RW-data=28 ZI-data=1028  
FromELF: creating hex file...
"Traffic Light Controller\Traffic Light Controller.axf" - 0 Error(s), 12 Warning(s).

<h2>Software Packages used:</h2>

Package Vendor: ARM
                http://www.keil.com/pack/ARM.CMSIS.5.4.0.pack
                ARM.CMSIS.5.4.0
                CMSIS (Cortex Microcontroller Software Interface Standard)
   * Component: CORE Version: 5.1.2

Package Vendor: Keil
                http://www.keil.com/pack/Keil.STM32F4xx_DFP.2.13.0.pack
                Keil.STM32F4xx_DFP.2.13.0
                STMicroelectronics STM32F4 Series Device Support, Drivers and Examples

<h2>Collection of Component include folders:</h2>
  .\RTE\_Traffic_Light_Controller
  E:\mdk\ARM\PACK\ARM\CMSIS\5.4.0\CMSIS\Core\Include
  E:\mdk\ARM\PACK\Keil\STM32F4xx_DFP\2.13.0\Drivers\CMSIS\Device\ST\STM32F4xx\Include

<h2>Collection of Component Files used:</h2>

   * Component: ARM::CMSIS:CORE:5.1.2
Build Time Elapsed:  00:00:06
</pre>
</body>
</html>
